I'm sorry, but errors were detected in your script. Please correct the
errors listed below, and try again.


File "game/script.rpy", line 243: scene statement expects a non-empty block.
    scene field:
                ^

File "game/script.rpy", line 244: expected statement.
    size(1920, 1080)
                    ^

File "game/script.rpy", line 250: Line is indented, but the preceding say statement statement does not expect a block. Please check this line's indentation. You may have forgotten a colon (:).
    MC "You love me that much?"
    ^

File "game/script.rpy", line 451: scene statement expects a non-empty block.
    scene field:
                ^

File "game/script.rpy", line 452: expected statement.
    size(1920, 1080)
                    ^

File "game/script.rpy", line 458: Line is indented, but the preceding say statement statement does not expect a block. Please check this line's indentation. You may have forgotten a colon (:).
    MC "You love me that much?"
    ^

Ren'Py Version: Ren'Py 8.3.4.24120703
Mon Mar 24 16:02:30 2025
